// Jest Snapshot v1, https://goo.gl/fbAQLP

exports[`Letter page: render Matches snapshot 1`] = `
Array [
  <header>
    <div
      className="topBarSpacer"
    />
    <nav
      className="section"
    >
      <div
        className="topbar container"
      >
        <span
          style={
            Object {
              "background": "none",
              "border": 0,
              "boxSizing": "border-box",
              "display": "inline-block",
              "height": "initial",
              "margin": 0,
              "maxWidth": "100%",
              "opacity": 1,
              "overflow": "hidden",
              "padding": 0,
              "position": "relative",
              "width": "initial",
            }
          }
        >
          <span
            style={
              Object {
                "background": "none",
                "border": 0,
                "boxSizing": "border-box",
                "display": "block",
                "height": "initial",
                "margin": 0,
                "maxWidth": "100%",
                "opacity": 1,
                "padding": 0,
                "width": "initial",
              }
            }
          >
            <img
              alt=""
              aria-hidden={true}
              src="data:image/svg+xml,%3csvg%20xmlns=%27http://www.w3.org/2000/svg%27%20version=%271.1%27%20width=%2730%27%20height=%2730%27/%3e"
              style={
                Object {
                  "background": "none",
                  "border": 0,
                  "display": "block",
                  "height": "initial",
                  "margin": 0,
                  "maxWidth": "100%",
                  "opacity": 1,
                  "padding": 0,
                  "width": "initial",
                }
              }
            />
          </span>
          <img
            alt="To home"
            data-nimg="intrinsic"
            decoding="async"
            href="/"
            onClick={[Function]}
            onError={[Function]}
            onLoad={[Function]}
            onMouseEnter={[Function]}
            onTouchStart={[Function]}
            src="data:image/gif;base64,R0lGODlhAQABAIAAAAAAAP///yH5BAEAAAAALAAAAAABAAEAAAIBRAA7"
            style={
              Object {
                "border": "none",
                "bottom": 0,
                "boxSizing": "border-box",
                "display": "block",
                "height": 0,
                "left": 0,
                "margin": "auto",
                "maxHeight": "100%",
                "maxWidth": "100%",
                "minHeight": "100%",
                "minWidth": "100%",
                "objectFit": undefined,
                "objectPosition": undefined,
                "padding": 0,
                "position": "absolute",
                "right": 0,
                "top": 0,
                "width": 0,
              }
            }
          />
          <noscript>
            <img
              alt="To home"
              data-nimg="intrinsic"
              decoding="async"
              href="/"
              loading="lazy"
              onClick={[Function]}
              onMouseEnter={[Function]}
              onTouchStart={[Function]}
              src="/_next/image?url=%2Ffavicon-48x48.png&w=64&q=75"
              srcSet="/_next/image?url=%2Ffavicon-48x48.png&w=32&q=75 1x, /_next/image?url=%2Ffavicon-48x48.png&w=64&q=75 2x"
              style={
                Object {
                  "border": "none",
                  "bottom": 0,
                  "boxSizing": "border-box",
                  "display": "block",
                  "height": 0,
                  "left": 0,
                  "margin": "auto",
                  "maxHeight": "100%",
                  "maxWidth": "100%",
                  "minHeight": "100%",
                  "minWidth": "100%",
                  "objectFit": undefined,
                  "objectPosition": undefined,
                  "padding": 0,
                  "position": "absolute",
                  "right": 0,
                  "top": 0,
                  "width": 0,
                }
              }
            />
          </noscript>
        </span>
        <div
          aria-label="Open menu"
          className="hamburger"
          onClick={[Function]}
          role="button"
        >
          <span
            className="part"
          />
          <span
            className="part"
          />
          <span
            className="part"
          />
        </div>
      </div>
      <div
        className="content null container"
      >
        <ul
          className="list"
        >
          <li
            className="listItem"
          >
            <a
              className="link"
              href="/letter/a"
              onClick={[Function]}
              onMouseEnter={[Function]}
              onTouchStart={[Function]}
            >
              a
            </a>
          </li>
          <li
            className="listItem"
          >
            <a
              className="link"
              href="/letter/a2"
              onClick={[Function]}
              onMouseEnter={[Function]}
              onTouchStart={[Function]}
            >
              á
            </a>
          </li>
          <li
            className="listItem"
          >
            <a
              className="link"
              href="/letter/b"
              onClick={[Function]}
              onMouseEnter={[Function]}
              onTouchStart={[Function]}
            >
              b
            </a>
          </li>
          <li
            className="listItem"
          >
            <a
              className="link"
              href="/letter/d"
              onClick={[Function]}
              onMouseEnter={[Function]}
              onTouchStart={[Function]}
            >
              d
            </a>
          </li>
          <li
            className="listItem"
          >
            <a
              className="link"
              href="/letter/e"
              onClick={[Function]}
              onMouseEnter={[Function]}
              onTouchStart={[Function]}
            >
              e
            </a>
          </li>
          <li
            className="listItem"
          >
            <a
              className="link"
              href="/letter/e2"
              onClick={[Function]}
              onMouseEnter={[Function]}
              onTouchStart={[Function]}
            >
              é
            </a>
          </li>
          <li
            className="listItem"
          >
            <a
              className="link"
              href="/letter/f"
              onClick={[Function]}
              onMouseEnter={[Function]}
              onTouchStart={[Function]}
            >
              f
            </a>
          </li>
          <li
            className="listItem"
          >
            <a
              className="link"
              href="/letter/g"
              onClick={[Function]}
              onMouseEnter={[Function]}
              onTouchStart={[Function]}
            >
              g
            </a>
          </li>
          <li
            className="listItem"
          >
            <a
              className="link"
              href="/letter/h"
              onClick={[Function]}
              onMouseEnter={[Function]}
              onTouchStart={[Function]}
            >
              h
            </a>
          </li>
          <li
            className="listItem"
          >
            <a
              className="link"
              href="/letter/i"
              onClick={[Function]}
              onMouseEnter={[Function]}
              onTouchStart={[Function]}
            >
              i
            </a>
          </li>
          <li
            className="listItem"
          >
            <a
              className="link"
              href="/letter/i2"
              onClick={[Function]}
              onMouseEnter={[Function]}
              onTouchStart={[Function]}
            >
              í
            </a>
          </li>
          <li
            className="listItem"
          >
            <a
              className="link"
              href="/letter/j"
              onClick={[Function]}
              onMouseEnter={[Function]}
              onTouchStart={[Function]}
            >
              j
            </a>
          </li>
          <li
            className="listItem"
          >
            <a
              className="link"
              href="/letter/k"
              onClick={[Function]}
              onMouseEnter={[Function]}
              onTouchStart={[Function]}
            >
              k
            </a>
          </li>
          <li
            className="listItem"
          >
            <a
              className="link"
              href="/letter/l"
              onClick={[Function]}
              onMouseEnter={[Function]}
              onTouchStart={[Function]}
            >
              l
            </a>
          </li>
          <li
            className="listItem"
          >
            <a
              className="link"
              href="/letter/m"
              onClick={[Function]}
              onMouseEnter={[Function]}
              onTouchStart={[Function]}
            >
              m
            </a>
          </li>
          <li
            className="listItem"
          >
            <a
              className="link"
              href="/letter/n"
              onClick={[Function]}
              onMouseEnter={[Function]}
              onTouchStart={[Function]}
            >
              n
            </a>
          </li>
          <li
            className="listItem"
          >
            <a
              className="link"
              href="/letter/o"
              onClick={[Function]}
              onMouseEnter={[Function]}
              onTouchStart={[Function]}
            >
              o
            </a>
          </li>
          <li
            className="listItem"
          >
            <a
              className="link"
              href="/letter/o2"
              onClick={[Function]}
              onMouseEnter={[Function]}
              onTouchStart={[Function]}
            >
              ó
            </a>
          </li>
          <li
            className="listItem"
          >
            <a
              className="link"
              href="/letter/p"
              onClick={[Function]}
              onMouseEnter={[Function]}
              onTouchStart={[Function]}
            >
              p
            </a>
          </li>
          <li
            className="listItem"
          >
            <a
              className="link"
              href="/letter/r"
              onClick={[Function]}
              onMouseEnter={[Function]}
              onTouchStart={[Function]}
            >
              r
            </a>
          </li>
          <li
            className="listItem"
          >
            <a
              className="link"
              href="/letter/s"
              onClick={[Function]}
              onMouseEnter={[Function]}
              onTouchStart={[Function]}
            >
              s
            </a>
          </li>
          <li
            className="listItem"
          >
            <a
              className="link"
              href="/letter/t"
              onClick={[Function]}
              onMouseEnter={[Function]}
              onTouchStart={[Function]}
            >
              t
            </a>
          </li>
          <li
            className="listItem"
          >
            <a
              className="link"
              href="/letter/u"
              onClick={[Function]}
              onMouseEnter={[Function]}
              onTouchStart={[Function]}
            >
              u
            </a>
          </li>
          <li
            className="listItem"
          >
            <a
              className="link"
              href="/letter/u2"
              onClick={[Function]}
              onMouseEnter={[Function]}
              onTouchStart={[Function]}
            >
              ú
            </a>
          </li>
          <li
            className="listItem"
          >
            <a
              className="link"
              href="/letter/v"
              onClick={[Function]}
              onMouseEnter={[Function]}
              onTouchStart={[Function]}
            >
              v
            </a>
          </li>
          <li
            className="listItem"
          >
            <a
              className="link"
              href="/letter/y"
              onClick={[Function]}
              onMouseEnter={[Function]}
              onTouchStart={[Function]}
            >
              y
            </a>
          </li>
          <li
            className="listItem"
          >
            <a
              className="link"
              href="/letter/y2"
              onClick={[Function]}
              onMouseEnter={[Function]}
              onTouchStart={[Function]}
            >
              ý
            </a>
          </li>
          <li
            className="listItem"
          >
            <a
              className="link"
              href="/letter/th"
              onClick={[Function]}
              onMouseEnter={[Function]}
              onTouchStart={[Function]}
            >
              þ
            </a>
          </li>
          <li
            className="listItem"
          >
            <a
              className="link"
              href="/letter/ae"
              onClick={[Function]}
              onMouseEnter={[Function]}
              onTouchStart={[Function]}
            >
              æ
            </a>
          </li>
          <li
            className="listItem"
          >
            <a
              className="link"
              href="/letter/oe4"
              onClick={[Function]}
              onMouseEnter={[Function]}
              onTouchStart={[Function]}
            >
              ǫ
            </a>
          </li>
          <li
            className="listItem"
          >
            <a
              className="link"
              href="/letter/oe2"
              onClick={[Function]}
              onMouseEnter={[Function]}
              onTouchStart={[Function]}
            >
              ø
            </a>
          </li>
          <li
            className="listItem"
          >
            <a
              className="link"
              href="/letter/oe3"
              onClick={[Function]}
              onMouseEnter={[Function]}
              onTouchStart={[Function]}
            >
              œ
            </a>
          </li>
        </ul>
        <form
          className="form"
          onSubmit={[Function]}
        >
          <input
            aria-label="Search"
            className="input"
            name="search"
            onChange={[Function]}
            type="search"
            value=""
          />
          <button
            className="button button--secondary button--no-margs"
            name="submit"
            type="submit"
          >
            Search
          </button>
        </form>
      </div>
    </nav>
    <nav
      className="section"
    >
      <div
        className="container"
      >
        <a
          className="link"
          href="/"
          onClick={[Function]}
          onMouseEnter={[Function]}
          onTouchStart={[Function]}
        >
          Viking Language Dictionary
        </a>
        <a
          className="link"
          href="/letter/e"
          onClick={[Function]}
          onMouseEnter={[Function]}
          onTouchStart={[Function]}
        >
          Letter E
        </a>
        <script
          dangerouslySetInnerHTML={
            Object {
              "__html": "{\\"@context\\":\\"https://schema.org/\\",\\"@type\\":\\"BreadcrumbList\\",\\"itemListElement\\":[{\\"@type\\":\\"ListItem\\",\\"position\\":1,\\"name\\":\\"Viking Language Dictionary\\",\\"item\\":\\"undefined/\\"},{\\"@type\\":\\"ListItem\\",\\"position\\":2,\\"name\\":\\"Letter E\\",\\"item\\":\\"undefined/letter/e\\"}]}",
            }
          }
          type="application/ld+json"
        />
      </div>
    </nav>
  </header>,
  <main
    className="container"
  >
    <header
      className="section"
    >
      <h1
        className="title"
      >
        Letter 
        E
      </h1>
      <small
        className="subHeading"
      >
        Viking Language Dictionary - Letter 
        E
      </small>
      <p>
        Old Norse words starting with letter 
        E
        . Click individual words to see definition.
      </p>
      <small
        className="count"
      >
        Total of 
        114
         words
      </small>
    </header>
    <ul
      className="list"
    >
      <li>
        <a
          className="link"
          href="/word/eda"
          onClick={[Function]}
          onMouseEnter={[Function]}
          onTouchStart={[Function]}
        >
          eða
        </a>
      </li>
      <li>
        <a
          className="link"
          href="/word/edr"
          onClick={[Function]}
          onMouseEnter={[Function]}
          onTouchStart={[Function]}
        >
          eðr
        </a>
      </li>
      <li>
        <a
          className="link"
          href="/word/ef"
          onClick={[Function]}
          onMouseEnter={[Function]}
          onTouchStart={[Function]}
        >
          ef
        </a>
      </li>
      <li>
        <a
          className="link"
          href="/word/efniligr"
          onClick={[Function]}
          onMouseEnter={[Function]}
          onTouchStart={[Function]}
        >
          efniligr
        </a>
      </li>
      <li>
        <a
          className="link"
          href="/word/efri"
          onClick={[Function]}
          onMouseEnter={[Function]}
          onTouchStart={[Function]}
        >
          efri
        </a>
      </li>
      <li>
        <a
          className="link"
          href="/word/efstr"
          onClick={[Function]}
          onMouseEnter={[Function]}
          onTouchStart={[Function]}
        >
          efstr
        </a>
      </li>
      <li>
        <a
          className="link"
          href="/word/egg"
          onClick={[Function]}
          onMouseEnter={[Function]}
          onTouchStart={[Function]}
        >
          egg
        </a>
      </li>
      <li>
        <a
          className="link"
          href="/word/egg-2"
          onClick={[Function]}
          onMouseEnter={[Function]}
          onTouchStart={[Function]}
        >
          egg
        </a>
      </li>
      <li>
        <a
          className="link"
          href="/word/eggja"
          onClick={[Function]}
          onMouseEnter={[Function]}
          onTouchStart={[Function]}
        >
          eggja
        </a>
      </li>
      <li>
        <a
          className="link"
          href="/word/eggskurn"
          onClick={[Function]}
          onMouseEnter={[Function]}
          onTouchStart={[Function]}
        >
          eggskurn
        </a>
      </li>
      <li>
        <a
          className="link"
          href="/word/egill"
          onClick={[Function]}
          onMouseEnter={[Function]}
          onTouchStart={[Function]}
        >
          egill
        </a>
      </li>
      <li>
        <a
          className="link"
          href="/word/egilsstadir"
          onClick={[Function]}
          onMouseEnter={[Function]}
          onTouchStart={[Function]}
        >
          egilsstaðir
        </a>
      </li>
      <li>
        <a
          className="link"
          href="/word/eidrofi"
          onClick={[Function]}
          onMouseEnter={[Function]}
          onTouchStart={[Function]}
        >
          eiðrofi
        </a>
      </li>
      <li>
        <a
          className="link"
          href="/word/eiga"
          onClick={[Function]}
          onMouseEnter={[Function]}
          onTouchStart={[Function]}
        >
          eiga
        </a>
      </li>
      <li>
        <a
          className="link"
          href="/word/eigi"
          onClick={[Function]}
          onMouseEnter={[Function]}
          onTouchStart={[Function]}
        >
          eigi
        </a>
      </li>
      <li>
        <a
          className="link"
          href="/word/eign"
          onClick={[Function]}
          onMouseEnter={[Function]}
          onTouchStart={[Function]}
        >
          eign
        </a>
      </li>
      <li>
        <a
          className="link"
          href="/word/eigna"
          onClick={[Function]}
          onMouseEnter={[Function]}
          onTouchStart={[Function]}
        >
          eigna
        </a>
      </li>
      <li>
        <a
          className="link"
          href="/word/eignadisk"
          onClick={[Function]}
          onMouseEnter={[Function]}
          onTouchStart={[Function]}
        >
          eignaðisk
        </a>
      </li>
      <li>
        <a
          className="link"
          href="/word/eignazk"
          onClick={[Function]}
          onMouseEnter={[Function]}
          onTouchStart={[Function]}
        >
          eignazk
        </a>
      </li>
      <li>
        <a
          className="link"
          href="/word/eik"
          onClick={[Function]}
          onMouseEnter={[Function]}
          onTouchStart={[Function]}
        >
          eik
        </a>
      </li>
      <li>
        <a
          className="link"
          href="/word/einarr"
          onClick={[Function]}
          onMouseEnter={[Function]}
          onTouchStart={[Function]}
        >
          einarr
        </a>
      </li>
      <li>
        <a
          className="link"
          href="/word/eingi"
          onClick={[Function]}
          onMouseEnter={[Function]}
          onTouchStart={[Function]}
        >
          eingi
        </a>
      </li>
      <li>
        <a
          className="link"
          href="/word/einheri"
          onClick={[Function]}
          onMouseEnter={[Function]}
          onTouchStart={[Function]}
        >
          einheri
        </a>
      </li>
      <li>
        <a
          className="link"
          href="/word/einmaeli"
          onClick={[Function]}
          onMouseEnter={[Function]}
          onTouchStart={[Function]}
        >
          einmæli
        </a>
      </li>
      <li>
        <a
          className="link"
          href="/word/einn"
          onClick={[Function]}
          onMouseEnter={[Function]}
          onTouchStart={[Function]}
        >
          einn
        </a>
      </li>
      <li>
        <a
          className="link"
          href="/word/einnhverr"
          onClick={[Function]}
          onMouseEnter={[Function]}
          onTouchStart={[Function]}
        >
          einnhverr
        </a>
      </li>
      <li>
        <a
          className="link"
          href="/word/einskipa"
          onClick={[Function]}
          onMouseEnter={[Function]}
          onTouchStart={[Function]}
        >
          einskipa
        </a>
      </li>
      <li>
        <a
          className="link"
          href="/word/einu"
          onClick={[Function]}
          onMouseEnter={[Function]}
          onTouchStart={[Function]}
        >
          einu
        </a>
      </li>
      <li>
        <a
          className="link"
          href="/word/einvaldi"
          onClick={[Function]}
          onMouseEnter={[Function]}
          onTouchStart={[Function]}
        >
          einvaldi
        </a>
      </li>
      <li>
        <a
          className="link"
          href="/word/einvaldskonungr"
          onClick={[Function]}
          onMouseEnter={[Function]}
          onTouchStart={[Function]}
        >
          einvaldskonungr
        </a>
      </li>
      <li>
        <a
          className="link"
          href="/word/eirikr"
          onClick={[Function]}
          onMouseEnter={[Function]}
          onTouchStart={[Function]}
        >
          eiríkr
        </a>
      </li>
      <li>
        <a
          className="link"
          href="/word/eiriksfjrdr"
          onClick={[Function]}
          onMouseEnter={[Function]}
          onTouchStart={[Function]}
        >
          eiríksfjǫrðr
        </a>
      </li>
      <li>
        <a
          className="link"
          href="/word/eista"
          onClick={[Function]}
          onMouseEnter={[Function]}
          onTouchStart={[Function]}
        >
          eista
        </a>
      </li>
      <li>
        <a
          className="link"
          href="/word/eitthvat"
          onClick={[Function]}
          onMouseEnter={[Function]}
          onTouchStart={[Function]}
        >
          eitthvat
        </a>
      </li>
      <li>
        <a
          className="link"
          href="/word/eitthvart"
          onClick={[Function]}
          onMouseEnter={[Function]}
          onTouchStart={[Function]}
        >
          eitthvart
        </a>
      </li>
      <li>
        <a
          className="link"
          href="/word/ek"
          onClick={[Function]}
          onMouseEnter={[Function]}
          onTouchStart={[Function]}
        >
          ek
        </a>
      </li>
      <li>
        <a
          className="link"
          href="/word/ek-2"
          onClick={[Function]}
          onMouseEnter={[Function]}
          onTouchStart={[Function]}
        >
          ek
        </a>
      </li>
      <li>
        <a
          className="link"
          href="/word/ekkert"
          onClick={[Function]}
          onMouseEnter={[Function]}
          onTouchStart={[Function]}
        >
          ekkert
        </a>
      </li>
      <li>
        <a
          className="link"
          href="/word/ekki"
          onClick={[Function]}
          onMouseEnter={[Function]}
          onTouchStart={[Function]}
        >
          ekki
        </a>
      </li>
      <li>
        <a
          className="link"
          href="/word/ekki-2"
          onClick={[Function]}
          onMouseEnter={[Function]}
          onTouchStart={[Function]}
        >
          ekki
        </a>
      </li>
      <li>
        <a
          className="link"
          href="/word/ekr"
          onClick={[Function]}
          onMouseEnter={[Function]}
          onTouchStart={[Function]}
        >
          ekr
        </a>
      </li>
      <li>
        <a
          className="link"
          href="/word/eld(a)skali"
          onClick={[Function]}
          onMouseEnter={[Function]}
          onTouchStart={[Function]}
        >
          eld(a)skáli
        </a>
      </li>
      <li>
        <a
          className="link"
          href="/word/elding"
          onClick={[Function]}
          onMouseEnter={[Function]}
          onTouchStart={[Function]}
        >
          elding
        </a>
      </li>
      <li>
        <a
          className="link"
          href="/word/eldr"
          onClick={[Function]}
          onMouseEnter={[Function]}
          onTouchStart={[Function]}
        >
          eldr
        </a>
      </li>
      <li>
        <a
          className="link"
          href="/word/elfr"
          onClick={[Function]}
          onMouseEnter={[Function]}
          onTouchStart={[Function]}
        >
          elfr
        </a>
      </li>
      <li>
        <a
          className="link"
          href="/word/elfradr-inn-riki"
          onClick={[Function]}
          onMouseEnter={[Function]}
          onTouchStart={[Function]}
        >
          elfráðr inn ríki
        </a>
      </li>
      <li>
        <a
          className="link"
          href="/word/elgr"
          onClick={[Function]}
          onMouseEnter={[Function]}
          onTouchStart={[Function]}
        >
          elgr
        </a>
      </li>
      <li>
        <a
          className="link"
          href="/word/elli"
          onClick={[Function]}
          onMouseEnter={[Function]}
          onTouchStart={[Function]}
        >
          elli
        </a>
      </li>
      <li>
        <a
          className="link"
          href="/word/ellifu"
          onClick={[Function]}
          onMouseEnter={[Function]}
          onTouchStart={[Function]}
        >
          ellifu
        </a>
      </li>
      <li>
        <a
          className="link"
          href="/word/ellri"
          onClick={[Function]}
          onMouseEnter={[Function]}
          onTouchStart={[Function]}
        >
          ellri
        </a>
      </li>
      <li>
        <a
          className="link"
          href="/word/ellztr"
          onClick={[Function]}
          onMouseEnter={[Function]}
          onTouchStart={[Function]}
        >
          ellztr
        </a>
      </li>
      <li>
        <a
          className="link"
          href="/word/ellstr"
          onClick={[Function]}
          onMouseEnter={[Function]}
          onTouchStart={[Function]}
        >
          ellstr
        </a>
      </li>
      <li>
        <a
          className="link"
          href="/word/elr"
          onClick={[Function]}
          onMouseEnter={[Function]}
          onTouchStart={[Function]}
        >
          elr
        </a>
      </li>
      <li>
        <a
          className="link"
          href="/word/elska"
          onClick={[Function]}
          onMouseEnter={[Function]}
          onTouchStart={[Function]}
        >
          elska
        </a>
      </li>
      <li>
        <a
          className="link"
          href="/word/elztr"
          onClick={[Function]}
          onMouseEnter={[Function]}
          onTouchStart={[Function]}
        >
          elztr
        </a>
      </li>
      <li>
        <a
          className="link"
          href="/word/em"
          onClick={[Function]}
          onMouseEnter={[Function]}
          onTouchStart={[Function]}
        >
          em
        </a>
      </li>
      <li>
        <a
          className="link"
          href="/word/en"
          onClick={[Function]}
          onMouseEnter={[Function]}
          onTouchStart={[Function]}
        >
          en
        </a>
      </li>
      <li>
        <a
          className="link"
          href="/word/en-er"
          onClick={[Function]}
          onMouseEnter={[Function]}
          onTouchStart={[Function]}
        >
          en er
        </a>
      </li>
      <li>
        <a
          className="link"
          href="/word/en-tho"
          onClick={[Function]}
          onMouseEnter={[Function]}
          onTouchStart={[Function]}
        >
          en þó
        </a>
      </li>
      <li>
        <a
          className="link"
          href="/word/enda"
          onClick={[Function]}
          onMouseEnter={[Function]}
          onTouchStart={[Function]}
        >
          enda
        </a>
      </li>
      <li>
        <a
          className="link"
          href="/word/endi"
          onClick={[Function]}
          onMouseEnter={[Function]}
          onTouchStart={[Function]}
        >
          endi
        </a>
      </li>
      <li>
        <a
          className="link"
          href="/word/endir"
          onClick={[Function]}
          onMouseEnter={[Function]}
          onTouchStart={[Function]}
        >
          endir
        </a>
      </li>
      <li>
        <a
          className="link"
          href="/word/endlangr"
          onClick={[Function]}
          onMouseEnter={[Function]}
          onTouchStart={[Function]}
        >
          endlangr
        </a>
      </li>
      <li>
        <a
          className="link"
          href="/word/endr"
          onClick={[Function]}
          onMouseEnter={[Function]}
          onTouchStart={[Function]}
        >
          endr
        </a>
      </li>
      <li>
        <a
          className="link"
          href="/word/engi"
          onClick={[Function]}
          onMouseEnter={[Function]}
          onTouchStart={[Function]}
        >
          engi
        </a>
      </li>
      <li>
        <a
          className="link"
          href="/word/engill"
          onClick={[Function]}
          onMouseEnter={[Function]}
          onTouchStart={[Function]}
        >
          engill
        </a>
      </li>
      <li>
        <a
          className="link"
          href="/word/engis"
          onClick={[Function]}
          onMouseEnter={[Function]}
          onTouchStart={[Function]}
        >
          engis
        </a>
      </li>
      <li>
        <a
          className="link"
          href="/word/englakonungr"
          onClick={[Function]}
          onMouseEnter={[Function]}
          onTouchStart={[Function]}
        >
          englakonungr
        </a>
      </li>
      <li>
        <a
          className="link"
          href="/word/england"
          onClick={[Function]}
          onMouseEnter={[Function]}
          onTouchStart={[Function]}
        >
          england
        </a>
      </li>
      <li>
        <a
          className="link"
          href="/word/englar"
          onClick={[Function]}
          onMouseEnter={[Function]}
          onTouchStart={[Function]}
        >
          englar
        </a>
      </li>
      <li>
        <a
          className="link"
          href="/word/engir"
          onClick={[Function]}
          onMouseEnter={[Function]}
          onTouchStart={[Function]}
        >
          engir
        </a>
      </li>
      <li>
        <a
          className="link"
          href="/word/engrar"
          onClick={[Function]}
          onMouseEnter={[Function]}
          onTouchStart={[Function]}
        >
          engrar
        </a>
      </li>
      <li>
        <a
          className="link"
          href="/word/enkis"
          onClick={[Function]}
          onMouseEnter={[Function]}
          onTouchStart={[Function]}
        >
          enkis
        </a>
      </li>
      <li>
        <a
          className="link"
          href="/word/enn"
          onClick={[Function]}
          onMouseEnter={[Function]}
          onTouchStart={[Function]}
        >
          enn
        </a>
      </li>
      <li>
        <a
          className="link"
          href="/word/enni"
          onClick={[Function]}
          onMouseEnter={[Function]}
          onTouchStart={[Function]}
        >
          enni
        </a>
      </li>
      <li>
        <a
          className="link"
          href="/word/enskis"
          onClick={[Function]}
          onMouseEnter={[Function]}
          onTouchStart={[Function]}
        >
          enskis
        </a>
      </li>
      <li>
        <a
          className="link"
          href="/word/enskr"
          onClick={[Function]}
          onMouseEnter={[Function]}
          onTouchStart={[Function]}
        >
          enskr
        </a>
      </li>
      <li>
        <a
          className="link"
          href="/word/ept"
          onClick={[Function]}
          onMouseEnter={[Function]}
          onTouchStart={[Function]}
        >
          ept
        </a>
      </li>
      <li>
        <a
          className="link"
          href="/word/eptir"
          onClick={[Function]}
          onMouseEnter={[Function]}
          onTouchStart={[Function]}
        >
          eptir
        </a>
      </li>
      <li>
        <a
          className="link"
          href="/word/eptri"
          onClick={[Function]}
          onMouseEnter={[Function]}
          onTouchStart={[Function]}
        >
          eptri
        </a>
      </li>
      <li>
        <a
          className="link"
          href="/word/epztr"
          onClick={[Function]}
          onMouseEnter={[Function]}
          onTouchStart={[Function]}
        >
          epztr
        </a>
      </li>
      <li>
        <a
          className="link"
          href="/word/er"
          onClick={[Function]}
          onMouseEnter={[Function]}
          onTouchStart={[Function]}
        >
          er
        </a>
      </li>
      <li>
        <a
          className="link"
          href="/word/er-2"
          onClick={[Function]}
          onMouseEnter={[Function]}
          onTouchStart={[Function]}
        >
          er
        </a>
      </li>
      <li>
        <a
          className="link"
          href="/word/erendi"
          onClick={[Function]}
          onMouseEnter={[Function]}
          onTouchStart={[Function]}
        >
          erendi
        </a>
      </li>
      <li>
        <a
          className="link"
          href="/word/erfa"
          onClick={[Function]}
          onMouseEnter={[Function]}
          onTouchStart={[Function]}
        >
          erfa
        </a>
      </li>
      <li>
        <a
          className="link"
          href="/word/erfidi"
          onClick={[Function]}
          onMouseEnter={[Function]}
          onTouchStart={[Function]}
        >
          erfiði
        </a>
      </li>
      <li>
        <a
          className="link"
          href="/word/erindi"
          onClick={[Function]}
          onMouseEnter={[Function]}
          onTouchStart={[Function]}
        >
          erindi
        </a>
      </li>
      <li>
        <a
          className="link"
          href="/word/erja"
          onClick={[Function]}
          onMouseEnter={[Function]}
          onTouchStart={[Function]}
        >
          erja
        </a>
      </li>
      <li>
        <a
          className="link"
          href="/word/erlingr"
          onClick={[Function]}
          onMouseEnter={[Function]}
          onTouchStart={[Function]}
        >
          erlingr
        </a>
      </li>
      <li>
        <a
          className="link"
          href="/word/ert"
          onClick={[Function]}
          onMouseEnter={[Function]}
          onTouchStart={[Function]}
        >
          ert
        </a>
      </li>
      <li>
        <a
          className="link"
          href="/word/eru"
          onClick={[Function]}
          onMouseEnter={[Function]}
          onTouchStart={[Function]}
        >
          eru
        </a>
      </li>
      <li>
        <a
          className="link"
          href="/word/es"
          onClick={[Function]}
          onMouseEnter={[Function]}
          onTouchStart={[Function]}
        >
          es
        </a>
      </li>
      <li>
        <a
          className="link"
          href="/word/eta"
          onClick={[Function]}
          onMouseEnter={[Function]}
          onTouchStart={[Function]}
        >
          eta
        </a>
      </li>
      <li>
        <a
          className="link"
          href="/word/ey"
          onClick={[Function]}
          onMouseEnter={[Function]}
          onTouchStart={[Function]}
        >
          ey
        </a>
      </li>
      <li>
        <a
          className="link"
          href="/word/eyda"
          onClick={[Function]}
          onMouseEnter={[Function]}
          onTouchStart={[Function]}
        >
          eyða
        </a>
      </li>
      <li>
        <a
          className="link"
          href="/word/eygr"
          onClick={[Function]}
          onMouseEnter={[Function]}
          onTouchStart={[Function]}
        >
          eygr
        </a>
      </li>
      <li>
        <a
          className="link"
          href="/word/eyna"
          onClick={[Function]}
          onMouseEnter={[Function]}
          onTouchStart={[Function]}
        >
          eyna
        </a>
      </li>
      <li>
        <a
          className="link"
          href="/word/eykr"
          onClick={[Function]}
          onMouseEnter={[Function]}
          onTouchStart={[Function]}
        >
          eykr
        </a>
      </li>
      <li>
        <a
          className="link"
          href="/word/eykt"
          onClick={[Function]}
          onMouseEnter={[Function]}
          onTouchStart={[Function]}
        >
          eykt
        </a>
      </li>
      <li>
        <a
          className="link"
          href="/word/eyra"
          onClick={[Function]}
          onMouseEnter={[Function]}
          onTouchStart={[Function]}
        >
          eyra
        </a>
      </li>
      <li>
        <a
          className="link"
          href="/word/eyri"
          onClick={[Function]}
          onMouseEnter={[Function]}
          onTouchStart={[Function]}
        >
          eyri
        </a>
      </li>
      <li>
        <a
          className="link"
          href="/word/eyrir"
          onClick={[Function]}
          onMouseEnter={[Function]}
          onTouchStart={[Function]}
        >
          eyrir
        </a>
      </li>
      <li>
        <a
          className="link"
          href="/word/eyrr"
          onClick={[Function]}
          onMouseEnter={[Function]}
          onTouchStart={[Function]}
        >
          eyrr
        </a>
      </li>
      <li>
        <a
          className="link"
          href="/word/eyrun-eyru-+-in"
          onClick={[Function]}
          onMouseEnter={[Function]}
          onTouchStart={[Function]}
        >
          eyrun = eyru + in
        </a>
      </li>
      <li>
        <a
          className="link"
          href="/word/eyrbyggjarandnbsp"
          onClick={[Function]}
          onMouseEnter={[Function]}
          onTouchStart={[Function]}
        >
          eyrbyggjar&nbsp;
        </a>
      </li>
      <li>
        <a
          className="link"
          href="/word/eystrasalt"
          onClick={[Function]}
          onMouseEnter={[Function]}
          onTouchStart={[Function]}
        >
          eystrasalt
        </a>
      </li>
      <li>
        <a
          className="link"
          href="/word/eystri"
          onClick={[Function]}
          onMouseEnter={[Function]}
          onTouchStart={[Function]}
        >
          eystri
        </a>
      </li>
      <li>
        <a
          className="link"
          href="/word/eystribyggd"
          onClick={[Function]}
          onMouseEnter={[Function]}
          onTouchStart={[Function]}
        >
          eystribyggð
        </a>
      </li>
      <li>
        <a
          className="link"
          href="/word/eyvindr"
          onClick={[Function]}
          onMouseEnter={[Function]}
          onTouchStart={[Function]}
        >
          eyvindr
        </a>
      </li>
      <li>
        <a
          className="link"
          href="/word/einhvern"
          onClick={[Function]}
          onMouseEnter={[Function]}
          onTouchStart={[Function]}
        >
          einhvern
        </a>
      </li>
      <li>
        <a
          className="link"
          href="/word/eitthvat-2"
          onClick={[Function]}
          onMouseEnter={[Function]}
          onTouchStart={[Function]}
        >
          eitthvat
        </a>
      </li>
      <li>
        <a
          className="link"
          href="/word/einhverjum"
          onClick={[Function]}
          onMouseEnter={[Function]}
          onTouchStart={[Function]}
        >
          einhverjum
        </a>
      </li>
      <li>
        <a
          className="link"
          href="/word/einhverju"
          onClick={[Function]}
          onMouseEnter={[Function]}
          onTouchStart={[Function]}
        >
          einhverju
        </a>
      </li>
      <li>
        <a
          className="link"
          href="/word/einhvers"
          onClick={[Function]}
          onMouseEnter={[Function]}
          onTouchStart={[Function]}
        >
          einhvers
        </a>
      </li>
    </ul>
    <div
      aria-label="Back to top"
      className="backToTop"
      onClick={[Function]}
      role="button"
    >
      ↑
    </div>
  </main>,
  <footer
    className="section"
  >
    <div
      className="container"
    >
      <section
        className="section"
      >
        <h2>
          About
        </h2>
        <p>
          \`"
          <em>
            Viking Language\`
          </em>
          " is a book series by
          <a
            href="http://www.viking.ucla.edu/"
            rel="noopener noreferrer"
            target="_blank"
          >
            Jesse L. Byock
          </a>
          which teaches basics of Old Norse language.
          <br />
          The books are accompanied by a small dictionary at the end, providing learners a place to look for translations of the books passages.
        </p>
        <p>
          This searchable dictionary is compiled from a
          <a
            href="https://oldnorse.org/2020/09/06/the-old-norse-dictionary/"
            rel="noopener noreferrer"
            target="_blank"
          >
            blog post
          </a>
          by the books publisher
          <a
            href="https://juleswilliampress.com/"
            rel="noopener noreferrer"
            target="_blank"
          >
            Jules William Press
          </a>
        </p>
        <p>
          All rights to Viking Language series belong to Jules William Press and Jesse L. Byock. Data in this dictionary is based on data made openly available by the publisher.
        </p>
      </section>
      <section
        className="section"
      >
        <h3>
          Old Norse language
        </h3>
        <p>
          Old Norse was a North Germanic language that was spoken by inhabitants of Scandinavia and their overseas settlements from about the 7th to the 15th centuries.
        </p>
        <p>
          Also known as "the viking language", "Old Nordic", or "Old Scandinavian"
        </p>
      </section>
      <div
        className="navs"
      >
        <nav
          className="nav"
        >
          <h4
            className="navTitle"
          >
            Dictionary project
          </h4>
          <ul>
            <li>
              <a
                href="https://github.com/stscoundrel/viking-language-dictionary-next"
                rel="noopener noreferrer"
                target="_blank"
              >
                Source code
              </a>
            </li>
            <li>
              <a
                href="https://github.com/stscoundrel/viking-language-dictionary"
                rel="noopener noreferrer"
                target="_blank"
              >
                Data source
              </a>
            </li>
            <li>
              <a
                href="https://github.com/stscoundrel/viking-language-dictionary-abbrevations"
                rel="noopener noreferrer"
                target="_blank"
              >
                Abbreviations
              </a>
            </li>
          </ul>
        </nav>
        <nav
          className="nav"
        >
          <h4
            className="navTitle"
          >
            Related dictionary projects
          </h4>
          <ul>
            <li>
              <a
                href="https://cleasby-vigfusson-dictionary.vercel.app/"
                rel="noopener noreferrer"
                target="_blank"
              >
                Cleasby and Vigfusson Old Norse Dictionary
              </a>
            </li>
            <li>
              <a
                href="https://old-icelandic.vercel.app/"
                rel="noopener noreferrer"
                target="_blank"
              >
                A Concise Dictionary of Old Icelandic
              </a>
            </li>
            <li>
              <a
                href="https://old-norwegian-dictionary.vercel.app/"
                rel="noopener noreferrer"
                target="_blank"
              >
                Dictionary of the Old Norwegian Language
              </a>
            </li>
            <li>
              <a
                href="https://github.com/stscoundrel/old-norse-alphabet"
                rel="noopener noreferrer"
                target="_blank"
              >
                Old Norse Alphabet
              </a>
            </li>
          </ul>
        </nav>
        <nav
          className="nav"
        >
          <h4
            className="navTitle"
          >
            Quick links
          </h4>
          <ul
            className="navColumns"
          >
            <li
              className="navColumnItem"
            >
              <a
                className="link"
                href="/letter/a"
                onClick={[Function]}
                onMouseEnter={[Function]}
                onTouchStart={[Function]}
              >
                a
              </a>
            </li>
            <li
              className="navColumnItem"
            >
              <a
                className="link"
                href="/letter/a2"
                onClick={[Function]}
                onMouseEnter={[Function]}
                onTouchStart={[Function]}
              >
                á
              </a>
            </li>
            <li
              className="navColumnItem"
            >
              <a
                className="link"
                href="/letter/b"
                onClick={[Function]}
                onMouseEnter={[Function]}
                onTouchStart={[Function]}
              >
                b
              </a>
            </li>
            <li
              className="navColumnItem"
            >
              <a
                className="link"
                href="/letter/d"
                onClick={[Function]}
                onMouseEnter={[Function]}
                onTouchStart={[Function]}
              >
                d
              </a>
            </li>
            <li
              className="navColumnItem"
            >
              <a
                className="link"
                href="/letter/e"
                onClick={[Function]}
                onMouseEnter={[Function]}
                onTouchStart={[Function]}
              >
                e
              </a>
            </li>
            <li
              className="navColumnItem"
            >
              <a
                className="link"
                href="/letter/e2"
                onClick={[Function]}
                onMouseEnter={[Function]}
                onTouchStart={[Function]}
              >
                é
              </a>
            </li>
            <li
              className="navColumnItem"
            >
              <a
                className="link"
                href="/letter/f"
                onClick={[Function]}
                onMouseEnter={[Function]}
                onTouchStart={[Function]}
              >
                f
              </a>
            </li>
            <li
              className="navColumnItem"
            >
              <a
                className="link"
                href="/letter/g"
                onClick={[Function]}
                onMouseEnter={[Function]}
                onTouchStart={[Function]}
              >
                g
              </a>
            </li>
            <li
              className="navColumnItem"
            >
              <a
                className="link"
                href="/letter/h"
                onClick={[Function]}
                onMouseEnter={[Function]}
                onTouchStart={[Function]}
              >
                h
              </a>
            </li>
            <li
              className="navColumnItem"
            >
              <a
                className="link"
                href="/letter/i"
                onClick={[Function]}
                onMouseEnter={[Function]}
                onTouchStart={[Function]}
              >
                i
              </a>
            </li>
            <li
              className="navColumnItem"
            >
              <a
                className="link"
                href="/letter/i2"
                onClick={[Function]}
                onMouseEnter={[Function]}
                onTouchStart={[Function]}
              >
                í
              </a>
            </li>
            <li
              className="navColumnItem"
            >
              <a
                className="link"
                href="/letter/j"
                onClick={[Function]}
                onMouseEnter={[Function]}
                onTouchStart={[Function]}
              >
                j
              </a>
            </li>
            <li
              className="navColumnItem"
            >
              <a
                className="link"
                href="/letter/k"
                onClick={[Function]}
                onMouseEnter={[Function]}
                onTouchStart={[Function]}
              >
                k
              </a>
            </li>
            <li
              className="navColumnItem"
            >
              <a
                className="link"
                href="/letter/l"
                onClick={[Function]}
                onMouseEnter={[Function]}
                onTouchStart={[Function]}
              >
                l
              </a>
            </li>
            <li
              className="navColumnItem"
            >
              <a
                className="link"
                href="/letter/m"
                onClick={[Function]}
                onMouseEnter={[Function]}
                onTouchStart={[Function]}
              >
                m
              </a>
            </li>
            <li
              className="navColumnItem"
            >
              <a
                className="link"
                href="/letter/n"
                onClick={[Function]}
                onMouseEnter={[Function]}
                onTouchStart={[Function]}
              >
                n
              </a>
            </li>
            <li
              className="navColumnItem"
            >
              <a
                className="link"
                href="/letter/o"
                onClick={[Function]}
                onMouseEnter={[Function]}
                onTouchStart={[Function]}
              >
                o
              </a>
            </li>
            <li
              className="navColumnItem"
            >
              <a
                className="link"
                href="/letter/o2"
                onClick={[Function]}
                onMouseEnter={[Function]}
                onTouchStart={[Function]}
              >
                ó
              </a>
            </li>
            <li
              className="navColumnItem"
            >
              <a
                className="link"
                href="/letter/p"
                onClick={[Function]}
                onMouseEnter={[Function]}
                onTouchStart={[Function]}
              >
                p
              </a>
            </li>
            <li
              className="navColumnItem"
            >
              <a
                className="link"
                href="/letter/r"
                onClick={[Function]}
                onMouseEnter={[Function]}
                onTouchStart={[Function]}
              >
                r
              </a>
            </li>
            <li
              className="navColumnItem"
            >
              <a
                className="link"
                href="/letter/s"
                onClick={[Function]}
                onMouseEnter={[Function]}
                onTouchStart={[Function]}
              >
                s
              </a>
            </li>
            <li
              className="navColumnItem"
            >
              <a
                className="link"
                href="/letter/t"
                onClick={[Function]}
                onMouseEnter={[Function]}
                onTouchStart={[Function]}
              >
                t
              </a>
            </li>
            <li
              className="navColumnItem"
            >
              <a
                className="link"
                href="/letter/u"
                onClick={[Function]}
                onMouseEnter={[Function]}
                onTouchStart={[Function]}
              >
                u
              </a>
            </li>
            <li
              className="navColumnItem"
            >
              <a
                className="link"
                href="/letter/u2"
                onClick={[Function]}
                onMouseEnter={[Function]}
                onTouchStart={[Function]}
              >
                ú
              </a>
            </li>
            <li
              className="navColumnItem"
            >
              <a
                className="link"
                href="/letter/v"
                onClick={[Function]}
                onMouseEnter={[Function]}
                onTouchStart={[Function]}
              >
                v
              </a>
            </li>
            <li
              className="navColumnItem"
            >
              <a
                className="link"
                href="/letter/y"
                onClick={[Function]}
                onMouseEnter={[Function]}
                onTouchStart={[Function]}
              >
                y
              </a>
            </li>
            <li
              className="navColumnItem"
            >
              <a
                className="link"
                href="/letter/y2"
                onClick={[Function]}
                onMouseEnter={[Function]}
                onTouchStart={[Function]}
              >
                ý
              </a>
            </li>
            <li
              className="navColumnItem"
            >
              <a
                className="link"
                href="/letter/th"
                onClick={[Function]}
                onMouseEnter={[Function]}
                onTouchStart={[Function]}
              >
                þ
              </a>
            </li>
            <li
              className="navColumnItem"
            >
              <a
                className="link"
                href="/letter/ae"
                onClick={[Function]}
                onMouseEnter={[Function]}
                onTouchStart={[Function]}
              >
                æ
              </a>
            </li>
            <li
              className="navColumnItem"
            >
              <a
                className="link"
                href="/letter/oe4"
                onClick={[Function]}
                onMouseEnter={[Function]}
                onTouchStart={[Function]}
              >
                ǫ
              </a>
            </li>
            <li
              className="navColumnItem"
            >
              <a
                className="link"
                href="/letter/oe2"
                onClick={[Function]}
                onMouseEnter={[Function]}
                onTouchStart={[Function]}
              >
                ø
              </a>
            </li>
            <li
              className="navColumnItem"
            >
              <a
                className="link"
                href="/letter/oe3"
                onClick={[Function]}
                onMouseEnter={[Function]}
                onTouchStart={[Function]}
              >
                œ
              </a>
            </li>
          </ul>
        </nav>
      </div>
      <small
        className="copyright"
      >
        Copyright © 2022 - 2021
        <br />
        <a
          href="https://github.com/stscoundrel"
          rel="noopener noreferrer"
          target="_blank"
        >
          Sampo Silvennoinen / StScoundrel
        </a>
      </small>
    </div>
  </footer>,
]
`;
